[0m[[0m[0mdebug[0m] [0m[0m> Exec(sbtStashOnFailure, None, None)[0m
[0m[[0m[0mdebug[0m] [0m[0m> Exec(sbtMapExec bde92583-a877-4922-b300-8dfbe5d0d83d __52473775-4509-4798-8aa0-8cb81e2ecd66, None, None)[0m
[0m[[0m[0mdebug[0m] [0m[0m> Exec(test, Some(__52473775-4509-4798-8aa0-8cb81e2ecd66), Some(CommandSource(network-8)))[0m
[0m[[0m[0mdebug[0m] [0m[0mjsonRpcNotify: JsonRpcNotificationMessage(2.0, build/logMessage, {"type":4,"message":"Processing sbt/exec"})[0m
[0m[[0m[0mdebug[0m] [0m[0mEvaluating tasks: Test / test[0m
[0m[[0m[0mdebug[0m] [0m[0mRunning task... Cancel: Signal, check cycles: false, forcegc: true[0m
[0m[[0m[0mdebug[0m] [0m[0mjsonRpcNotify: JsonRpcNotificationMessage(2.0, build/taskStart, {"taskId":{"id":"25","parents":[]},"eventTime":1788850853491,"message":"Compiling lab2","dataKind":"compile-task","data":{"target":{"uri":"file:/Users/numanbashir/Documents/DTU/Kandidat/3.Semester/02201%20Agile%20Hardware%20Design/chisel-lab/lab2/#lab2/Compile"}}})[0m
[0m[[0m[0mdebug[0m] [0m[0mjsonRpcNotify: JsonRpcNotificationMessage(2.0, build/taskFinish, {"taskId":{"id":"25","parents":[]},"eventTime":1788850853496,"message":"Compiled lab2","status":1,"dataKind":"compile-report","data":{"target":{"uri":"file:/Users/numanbashir/Documents/DTU/Kandidat/3.Semester/02201%20Agile%20Hardware%20Design/chisel-lab/lab2/#lab2/Compile"},"errors":0,"warnings":0,"time":5,"noOp":true}})[0m
[0m[[0m[0mdebug[0m] [0m[0mjsonRpcNotify: JsonRpcNotificationMessage(2.0, build/taskStart, {"taskId":{"id":"26","parents":[]},"eventTime":1788850853503,"message":"Compiling lab2-test","dataKind":"compile-task","data":{"target":{"uri":"file:/Users/numanbashir/Documents/DTU/Kandidat/3.Semester/02201%20Agile%20Hardware%20Design/chisel-lab/lab2/#lab2/Test"}}})[0m
[0m[[0m[0mdebug[0m] [0m[0mjsonRpcNotify: JsonRpcNotificationMessage(2.0, build/taskFinish, {"taskId":{"id":"26","parents":[]},"eventTime":1788850853504,"message":"Compiled lab2-test","status":1,"dataKind":"compile-report","data":{"target":{"uri":"file:/Users/numanbashir/Documents/DTU/Kandidat/3.Semester/02201%20Agile%20Hardware%20Design/chisel-lab/lab2/#lab2/Test"},"errors":0,"warnings":0,"time":1,"noOp":true}})[0m
[0m[[0m[0minfo[0m] [0m[0mPassed: Total 0, Failed 0, Errors 0, Passed 0[0m
[0m[[0m[0mdebug[0m] [0m[0mjsonRpcNotify: JsonRpcNotificationMessage(2.0, build/logMessage, {"type":3,"message":"Passed: Total 0, Failed 0, Errors 0, Passed 0"})[0m
[0m[[0m[0minfo[0m] [0m[0mNo tests to run for Test / testQuick[0m
[0m[[0m[0mdebug[0m] [0m[0mjsonRpcNotify: JsonRpcNotificationMessage(2.0, build/logMessage, {"type":3,"message":"No tests to run for Test / testQuick"})[0m
[0m[[0m[0mdebug[0m] [0m[0m> Exec(sbtCompleteExec bde92583-a877-4922-b300-8dfbe5d0d83d, None, None)[0m
[0m[[0m[0mdebug[0m] [0m[0m> Exec(resumeFromFailure, None, None)[0m
[0m[[0m[0mdebug[0m] [0m[0m> Exec(sbtPopOnFailure, None, None)[0m
[0m[[0m[0mdebug[0m] [0m[0m> Exec(sbtReportResult bde92583-a877-4922-b300-8dfbe5d0d83d, Some(bde92583-a877-4922-b300-8dfbe5d0d83d), Some(CommandSource(network-8)))[0m
[0m[[0m[0mdebug[0m] [0m[0mjsonRpcNotify: JsonRpcNotificationMessage(2.0, build/logMessage, {"type":4,"message":"Processing sbt/exec"})[0m
[0m[[0m[0mdebug[0m] [0m[0m> Exec(shell, None, None)[0m
[0m[[0m[0mdebug[0m] [0m[0mjsonRpcNotify: JsonRpcNotificationMessage(2.0, sbt/exec, {"status":"Queued","channelName":"network-8","execId":"b8370755-782b-4bda-955f-b9556cb6ae68","commandQueue":[],"message":"waiting for: shell"})[0m
[0m[[0m[0mdebug[0m] [0m[0mjsonRpcNotify: JsonRpcNotificationMessage(2.0, shutdown, [false,null])[0m
