[0m[[0m[0mdebug[0m] [0m[0m> Exec(sbtStashOnFailure, None, None)[0m
[0m[[0m[0mdebug[0m] [0m[0m> Exec(sbtMapExec fbf5aef6-d71f-4f7b-9541-c07623747ce1 __3755cf96-2ba3-430f-8876-a0eea9ada67c, None, None)[0m
[0m[[0m[0mdebug[0m] [0m[0m> Exec(test, Some(__3755cf96-2ba3-430f-8876-a0eea9ada67c), Some(CommandSource(network-2)))[0m
[0m[[0m[0mdebug[0m] [0m[0mjsonRpcNotify: JsonRpcNotificationMessage(2.0, build/logMessage, {"type":4,"message":"Processing sbt/exec"})[0m
[0m[[0m[0mdebug[0m] [0m[0mEvaluating tasks: Test / test[0m
[0m[[0m[0mdebug[0m] [0m[0mRunning task... Cancel: Signal, check cycles: false, forcegc: true[0m
[0m[[0m[0mdebug[0m] [0m[0mjsonRpcNotify: JsonRpcNotificationMessage(2.0, build/taskStart, {"taskId":{"id":"2","parents":[]},"eventTime":1788268029583,"message":"Compiling lab0","dataKind":"compile-task","data":{"target":{"uri":"file:/Users/numanbashir/Documents/DTU/Kandidat/3.Semester/02201%20Agile%20Hardware%20Design/lab0/#lab0/Compile"}}})[0m
[0m[[0m[0mdebug[0m] [0m[0mjsonRpcNotify: JsonRpcNotificationMessage(2.0, build/taskFinish, {"taskId":{"id":"2","parents":[]},"eventTime":1788268029587,"message":"Compiled lab0","status":1,"dataKind":"compile-report","data":{"target":{"uri":"file:/Users/numanbashir/Documents/DTU/Kandidat/3.Semester/02201%20Agile%20Hardware%20Design/lab0/#lab0/Compile"},"errors":0,"warnings":0,"time":4,"noOp":true}})[0m
[0m[[0m[0mdebug[0m] [0m[0mjsonRpcNotify: JsonRpcNotificationMessage(2.0, build/taskStart, {"taskId":{"id":"3","parents":[]},"eventTime":1788268029609,"message":"Compiling lab0-test","dataKind":"compile-task","data":{"target":{"uri":"file:/Users/numanbashir/Documents/DTU/Kandidat/3.Semester/02201%20Agile%20Hardware%20Design/lab0/#lab0/Test"}}})[0m
[0m[[0m[0minfo[0m] [0m[0mcompiling 2 Scala sources to /Users/numanbashir/Documents/DTU/Kandidat/3.Semester/02201 Agile Hardware Design/lab0/target/out/jvm/scala-2.13.16/lab0/test-classes ...[0m
[0m[[0m[0mdebug[0m] [0m[0mjsonRpcNotify: JsonRpcNotificationMessage(2.0, build/logMessage, {"type":3,"message":"compiling 2 Scala sources to /Users/numanbashir/Documents/DTU/Kandidat/3.Semester/02201 Agile Hardware Design/lab0/target/out/jvm/scala-2.13.16/lab0/test-classes ..."})[0m
[0m[[0m[0mdebug[0m] [0m[0mjsonRpcNotify: JsonRpcNotificationMessage(2.0, build/taskProgress, {"taskId":{"id":"3","parents":[]},"eventTime":1788268029736,"message":"Compiling lab0-test (5%)","total":60,"progress":5,"dataKind":"compile-progress","data":{"target":{"uri":"file:/Users/numanbashir/Documents/DTU/Kandidat/3.Semester/02201%20Agile%20Hardware%20Design/lab0/#lab0/Test"}}})[0m
[0m[[0m[0mdebug[0m] [0m[0mjsonRpcNotify: JsonRpcNotificationMessage(2.0, build/taskProgress, {"taskId":{"id":"3","parents":[]},"eventTime":1788268029737,"message":"Compiling lab0-test (10%)","total":60,"progress":10,"dataKind":"compile-progress","data":{"target":{"uri":"file:/Users/numanbashir/Documents/DTU/Kandidat/3.Semester/02201%20Agile%20Hardware%20Design/lab0/#lab0/Test"}}})[0m
[0m[[0m[0mdebug[0m] [0m[0mjsonRpcNotify: JsonRpcNotificationMessage(2.0, build/taskProgress, {"taskId":{"id":"3","parents":[]},"eventTime":1788268029738,"message":"Compiling lab0-test (10%)","total":60,"progress":10,"dataKind":"compile-progress","data":{"target":{"uri":"file:/Users/numanbashir/Documents/DTU/Kandidat/3.Semester/02201%20Agile%20Hardware%20Design/lab0/#lab0/Test"}}})[0m
[0m[[0m[0mdebug[0m] [0m[0mjsonRpcNotify: JsonRpcNotificationMessage(2.0, build/taskProgress, {"taskId":{"id":"3","parents":[]},"eventTime":1788268030003,"message":"Compiling lab0-test (15%)","total":60,"progress":15,"dataKind":"compile-progress","data":{"target":{"uri":"file:/Users/numanbashir/Documents/DTU/Kandidat/3.Semester/02201%20Agile%20Hardware%20Design/lab0/#lab0/Test"}}})[0m
[0m[[0m[0mdebug[0m] [0m[0mjsonRpcNotify: JsonRpcNotificationMessage(2.0, build/taskProgress, {"taskId":{"id":"3","parents":[]},"eventTime":1788268030018,"message":"Compiling lab0-test (20%)","total":60,"progress":20,"dataKind":"compile-progress","data":{"target":{"uri":"file:/Users/numanbashir/Documents/DTU/Kandidat/3.Semester/02201%20Agile%20Hardware%20Design/lab0/#lab0/Test"}}})[0m
[0m[[0m[0mdebug[0m] [0m[0mjsonRpcNotify: JsonRpcNotificationMessage(2.0, build/taskProgress, {"taskId":{"id":"3","parents":[]},"eventTime":1788268030018,"message":"Compiling lab0-test (20%)","total":60,"progress":20,"dataKind":"compile-progress","data":{"target":{"uri":"file:/Users/numanbashir/Documents/DTU/Kandidat/3.Semester/02201%20Agile%20Hardware%20Design/lab0/#lab0/Test"}}})[0m
[0m[[0m[0mdebug[0m] [0m[0mjsonRpcNotify: JsonRpcNotificationMessage(2.0, build/taskProgress, {"taskId":{"id":"3","parents":[]},"eventTime":1788268030025,"message":"Compiling lab0-test (25%)","total":60,"progress":25,"dataKind":"compile-progress","data":{"target":{"uri":"file:/Users/numanbashir/Documents/DTU/Kandidat/3.Semester/02201%20Agile%20Hardware%20Design/lab0/#lab0/Test"}}})[0m
[0m[[0m[0mdebug[0m] [0m[0mjsonRpcNotify: JsonRpcNotificationMessage(2.0, build/taskProgress, {"taskId":{"id":"3","parents":[]},"eventTime":1788268030028,"message":"Compiling lab0-test (30%)","total":60,"progress":30,"dataKind":"compile-progress","data":{"target":{"uri":"file:/Users/numanbashir/Documents/DTU/Kandidat/3.Semester/02201%20Agile%20Hardware%20Design/lab0/#lab0/Test"}}})[0m
[0m[[0m[0mdebug[0m] [0m[0mjsonRpcNotify: JsonRpcNotificationMessage(2.0, build/taskProgress, {"taskId":{"id":"3","parents":[]},"eventTime":1788268030028,"message":"Compiling lab0-test (30%)","total":60,"progress":30,"dataKind":"compile-progress","data":{"target":{"uri":"file:/Users/numanbashir/Documents/DTU/Kandidat/3.Semester/02201%20Agile%20Hardware%20Design/lab0/#lab0/Test"}}})[0m
[0m[[0m[0mdebug[0m] [0m[0mjsonRpcNotify: JsonRpcNotificationMessage(2.0, build/taskProgress, {"taskId":{"id":"3","parents":[]},"eventTime":1788268030030,"message":"Compiling lab0-test (35%)","total":60,"progress":35,"dataKind":"compile-progress","data":{"target":{"uri":"file:/Users/numanbashir/Documents/DTU/Kandidat/3.Semester/02201%20Agile%20Hardware%20Design/lab0/#lab0/Test"}}})[0m
[0m[[0m[0mdebug[0m] [0m[0mjsonRpcNotify: JsonRpcNotificationMessage(2.0, build/taskProgress, {"taskId":{"id":"3","parents":[]},"eventTime":1788268030072,"message":"Compiling lab0-test (40%)","total":60,"progress":40,"dataKind":"compile-progress","data":{"target":{"uri":"file:/Users/numanbashir/Documents/DTU/Kandidat/3.Semester/02201%20Agile%20Hardware%20Design/lab0/#lab0/Test"}}})[0m
[0m[[0m[0mdebug[0m] [0m[0mjsonRpcNotify: JsonRpcNotificationMessage(2.0, build/taskProgress, {"taskId":{"id":"3","parents":[]},"eventTime":1788268030072,"message":"Compiling lab0-test (40%)","total":60,"progress":40,"dataKind":"compile-progress","data":{"target":{"uri":"file:/Users/numanbashir/Documents/DTU/Kandidat/3.Semester/02201%20Agile%20Hardware%20Design/lab0/#lab0/Test"}}})[0m
[0m[[0m[0mdebug[0m] [0m[0mjsonRpcNotify: JsonRpcNotificationMessage(2.0, build/taskProgress, {"taskId":{"id":"3","parents":[]},"eventTime":1788268030087,"message":"Compiling lab0-test (45%)","total":60,"progress":45,"dataKind":"compile-progress","data":{"target":{"uri":"file:/Users/numanbashir/Documents/DTU/Kandidat/3.Semester/02201%20Agile%20Hardware%20Design/lab0/#lab0/Test"}}})[0m
[0m[[0m[0mdebug[0m] [0m[0mjsonRpcNotify: JsonRpcNotificationMessage(2.0, build/taskProgress, {"taskId":{"id":"3","parents":[]},"eventTime":1788268030092,"message":"Compiling lab0-test (50%)","total":60,"progress":50,"dataKind":"compile-progress","data":{"target":{"uri":"file:/Users/numanbashir/Documents/DTU/Kandidat/3.Semester/02201%20Agile%20Hardware%20Design/lab0/#lab0/Test"}}})[0m
[0m[[0m[0mdebug[0m] [0m[0mjsonRpcNotify: JsonRpcNotificationMessage(2.0, build/taskProgress, {"taskId":{"id":"3","parents":[]},"eventTime":1788268030092,"message":"Compiling lab0-test (50%)","total":60,"progress":50,"dataKind":"compile-progress","data":{"target":{"uri":"file:/Users/numanbashir/Documents/DTU/Kandidat/3.Semester/02201%20Agile%20Hardware%20Design/lab0/#lab0/Test"}}})[0m
[0m[[0m[0mdebug[0m] [0m[0mjsonRpcNotify: JsonRpcNotificationMessage(2.0, build/taskProgress, {"taskId":{"id":"3","parents":[]},"eventTime":1788268030114,"message":"Compiling lab0-test (55%)","total":60,"progress":55,"dataKind":"compile-progress","data":{"target":{"uri":"file:/Users/numanbashir/Documents/DTU/Kandidat/3.Semester/02201%20Agile%20Hardware%20Design/lab0/#lab0/Test"}}})[0m
[0m[[0m[0mdebug[0m] [0m[0mjsonRpcNotify: JsonRpcNotificationMessage(2.0, build/taskProgress, {"taskId":{"id":"3","parents":[]},"eventTime":1788268030118,"message":"Compiling lab0-test (60%)","total":60,"progress":60,"dataKind":"compile-progress","data":{"target":{"uri":"file:/Users/numanbashir/Documents/DTU/Kandidat/3.Semester/02201%20Agile%20Hardware%20Design/lab0/#lab0/Test"}}})[0m
[0m[[0m[0mdebug[0m] [0m[0mjsonRpcNotify: JsonRpcNotificationMessage(2.0, build/taskProgress, {"taskId":{"id":"3","parents":[]},"eventTime":1788268030118,"message":"Compiling lab0-test (60%)","total":60,"progress":60,"dataKind":"compile-progress","data":{"target":{"uri":"file:/Users/numanbashir/Documents/DTU/Kandidat/3.Semester/02201%20Agile%20Hardware%20Design/lab0/#lab0/Test"}}})[0m
[0m[[0m[0mdebug[0m] [0m[0mjsonRpcNotify: JsonRpcNotificationMessage(2.0, build/taskProgress, {"taskId":{"id":"3","parents":[]},"eventTime":1788268030180,"message":"Compiling lab0-test (65%)","total":60,"progress":65,"dataKind":"compile-progress","data":{"target":{"uri":"file:/Users/numanbashir/Documents/DTU/Kandidat/3.Semester/02201%20Agile%20Hardware%20Design/lab0/#lab0/Test"}}})[0m
[0m[[0m[0mdebug[0m] [0m[0mjsonRpcNotify: JsonRpcNotificationMessage(2.0, build/taskProgress, {"taskId":{"id":"3","parents":[]},"eventTime":1788268030213,"message":"Compiling lab0-test (70%)","total":60,"progress":70,"dataKind":"compile-progress","data":{"target":{"uri":"file:/Users/numanbashir/Documents/DTU/Kandidat/3.Semester/02201%20Agile%20Hardware%20Design/lab0/#lab0/Test"}}})[0m
[0m[[0m[0mdebug[0m] [0m[0mjsonRpcNotify: JsonRpcNotificationMessage(2.0, build/taskProgress, {"taskId":{"id":"3","parents":[]},"eventTime":1788268030213,"message":"Compiling lab0-test (70%)","total":60,"progress":70,"dataKind":"compile-progress","data":{"target":{"uri":"file:/Users/numanbashir/Documents/DTU/Kandidat/3.Semester/02201%20Agile%20Hardware%20Design/lab0/#lab0/Test"}}})[0m
[0m[[0m[0mdebug[0m] [0m[0mjsonRpcNotify: JsonRpcNotificationMessage(2.0, build/taskProgress, {"taskId":{"id":"3","parents":[]},"eventTime":1788268030216,"message":"Compiling lab0-test (75%)","total":60,"progress":75,"dataKind":"compile-progress","data":{"target":{"uri":"file:/Users/numanbashir/Documents/DTU/Kandidat/3.Semester/02201%20Agile%20Hardware%20Design/lab0/#lab0/Test"}}})[0m
[0m[[0m[0mdebug[0m] [0m[0mjsonRpcNotify: JsonRpcNotificationMessage(2.0, build/taskProgress, {"taskId":{"id":"3","parents":[]},"eventTime":1788268030224,"message":"Compiling lab0-test (80%)","total":60,"progress":80,"dataKind":"compile-progress","data":{"target":{"uri":"file:/Users/numanbashir/Documents/DTU/Kandidat/3.Semester/02201%20Agile%20Hardware%20Design/lab0/#lab0/Test"}}})[0m
[0m[[0m[0mdebug[0m] [0m[0mjsonRpcNotify: JsonRpcNotificationMessage(2.0, build/taskProgress, {"taskId":{"id":"3","parents":[]},"eventTime":1788268030224,"message":"Compiling lab0-test (80%)","total":60,"progress":80,"dataKind":"compile-progress","data":{"target":{"uri":"file:/Users/numanbashir/Documents/DTU/Kandidat/3.Semester/02201%20Agile%20Hardware%20Design/lab0/#lab0/Test"}}})[0m
[0m[[0m[0mdebug[0m] [0m[0mjsonRpcNotify: JsonRpcNotificationMessage(2.0, build/taskProgress, {"taskId":{"id":"3","parents":[]},"eventTime":1788268030230,"message":"Compiling lab0-test (85%)","total":60,"progress":85,"dataKind":"compile-progress","data":{"target":{"uri":"file:/Users/numanbashir/Documents/DTU/Kandidat/3.Semester/02201%20Agile%20Hardware%20Design/lab0/#lab0/Test"}}})[0m
[0m[[0m[0mdebug[0m] [0m[0mjsonRpcNotify: JsonRpcNotificationMessage(2.0, build/taskProgress, {"taskId":{"id":"3","parents":[]},"eventTime":1788268030271,"message":"Compiling lab0-test (90%)","total":60,"progress":90,"dataKind":"compile-progress","data":{"target":{"uri":"file:/Users/numanbashir/Documents/DTU/Kandidat/3.Semester/02201%20Agile%20Hardware%20Design/lab0/#lab0/Test"}}})[0m
[0m[[0m[0mdebug[0m] [0m[0mjsonRpcNotify: JsonRpcNotificationMessage(2.0, build/taskProgress, {"taskId":{"id":"3","parents":[]},"eventTime":1788268030271,"message":"Compiling lab0-test (90%)","total":60,"progress":90,"dataKind":"compile-progress","data":{"target":{"uri":"file:/Users/numanbashir/Documents/DTU/Kandidat/3.Semester/02201%20Agile%20Hardware%20Design/lab0/#lab0/Test"}}})[0m
[0m[[0m[0mdebug[0m] [0m[0mjsonRpcNotify: JsonRpcNotificationMessage(2.0, build/taskProgress, {"taskId":{"id":"3","parents":[]},"eventTime":1788268030308,"message":"Compiling lab0-test (95%)","total":60,"progress":95,"dataKind":"compile-progress","data":{"target":{"uri":"file:/Users/numanbashir/Documents/DTU/Kandidat/3.Semester/02201%20Agile%20Hardware%20Design/lab0/#lab0/Test"}}})[0m
[0m[[0m[0mdebug[0m] [0m[0mjsonRpcNotify: JsonRpcNotificationMessage(2.0, build/taskProgress, {"taskId":{"id":"3","parents":[]},"eventTime":1788268030331,"message":"Compiling lab0-test (100%)","total":60,"progress":100,"dataKind":"compile-progress","data":{"target":{"uri":"file:/Users/numanbashir/Documents/DTU/Kandidat/3.Semester/02201%20Agile%20Hardware%20Design/lab0/#lab0/Test"}}})[0m
[0m[[0m[0mdebug[0m] [0m[0mjsonRpcNotify: JsonRpcNotificationMessage(2.0, build/taskProgress, {"taskId":{"id":"3","parents":[]},"eventTime":1788268030331,"message":"Compiling lab0-test (100%)","total":60,"progress":100,"dataKind":"compile-progress","data":{"target":{"uri":"file:/Users/numanbashir/Documents/DTU/Kandidat/3.Semester/02201%20Agile%20Hardware%20Design/lab0/#lab0/Test"}}})[0m
[0m[[0m[0mdebug[0m] [0m[0mjsonRpcNotify: JsonRpcNotificationMessage(2.0, build/publishDiagnostics, {"textDocument":{"uri":"file:///Users/numanbashir/Documents/DTU/Kandidat/3.Semester/02201%20Agile%20Hardware%20Design/lab0/Hello.scala"},"buildTarget":{"uri":"file:/Users/numanbashir/Documents/DTU/Kandidat/3.Semester/02201%20Agile%20Hardware%20Design/lab0/#lab0/Test"},"diagnostics":[],"reset":true})[0m
[0m[[0m[0mdebug[0m] [0m[0mjsonRpcNotify: JsonRpcNotificationMessage(2.0, build/publishDiagnostics, {"textDocument":{"uri":"file:///Users/numanbashir/Documents/DTU/Kandidat/3.Semester/02201%20Agile%20Hardware%20Design/lab0/HelloTest.scala"},"buildTarget":{"uri":"file:/Users/numanbashir/Documents/DTU/Kandidat/3.Semester/02201%20Agile%20Hardware%20Design/lab0/#lab0/Test"},"diagnostics":[],"reset":true})[0m
[0m[[0m[0mdebug[0m] [0m[0mjsonRpcNotify: JsonRpcNotificationMessage(2.0, build/taskFinish, {"taskId":{"id":"3","parents":[]},"eventTime":1788268030350,"message":"Compiled lab0-test","status":1,"dataKind":"compile-report","data":{"target":{"uri":"file:/Users/numanbashir/Documents/DTU/Kandidat/3.Semester/02201%20Agile%20Hardware%20Design/lab0/#lab0/Test"},"errors":0,"warnings":0,"time":741}})[0m
[0m[[0m[0mdebug[0m] [0m[0mjsonRpcRequest: JsonRpcRequestMessage(2.0, c77148ac-f2bd-4705-924e-e1748f2d820a, sbt/terminalPropertiesQuery, ""})[0m
[0m[[0m[0minfo[0m] [0m[0m[32mHelloTest:[0m[0m
[0m[[0m[0minfo[0m] [0m[0m[32mHello accumulator[0m[0m
[0m[[0m[0minfo[0m] [0m[0m[32m- should accumulate when enabled[0m[0m
[0m[[0m[0minfo[0m] [0m[0m[32mHello accumulator[0m[0m
[0m[[0m[0minfo[0m] [0m[0m[32m- should not accumulate when disabled[0m[0m
[0m[[0m[0minfo[0m] [0m[0m[32mHello accumulator[0m[0m
[0m[[0m[0minfo[0m] [0m[0m[32m- should clear when clear signal is asserted[0m[0m
[0m[[0m[0minfo[0m] [0m[0m[32mHello accumulator[0m[0m
[0m[[0m[0minfo[0m] [0m[0m[32m- should handle clear and enable priority correctly[0m[0m
[0m[[0m[0mdebug[0m] [0m[0mjsonRpcNotify: JsonRpcNotificationMessage(2.0, build/logMessage, {"type":3,"message":"\u001b[32mHelloTest:\u001b[0m"})[0m
[0m[[0m[0mdebug[0m] [0m[0mjsonRpcNotify: JsonRpcNotificationMessage(2.0, build/logMessage, {"type":3,"message":"\u001b[32mHello accumulator\u001b[0m"})[0m
[0m[[0m[0mdebug[0m] [0m[0mjsonRpcNotify: JsonRpcNotificationMessage(2.0, build/logMessage, {"type":3,"message":"\u001b[32m- should accumulate when enabled\u001b[0m"})[0m
[0m[[0m[0mdebug[0m] [0m[0mjsonRpcNotify: JsonRpcNotificationMessage(2.0, build/logMessage, {"type":3,"message":"\u001b[32mHello accumulator\u001b[0m"})[0m
[0m[[0m[0mdebug[0m] [0m[0mjsonRpcNotify: JsonRpcNotificationMessage(2.0, build/logMessage, {"type":3,"message":"\u001b[32m- should not accumulate when disabled\u001b[0m"})[0m
[0m[[0m[0mdebug[0m] [0m[0mjsonRpcNotify: JsonRpcNotificationMessage(2.0, build/logMessage, {"type":3,"message":"\u001b[32mHello accumulator\u001b[0m"})[0m
[0m[[0m[0mdebug[0m] [0m[0mjsonRpcNotify: JsonRpcNotificationMessage(2.0, build/logMessage, {"type":3,"message":"\u001b[32m- should clear when clear signal is asserted\u001b[0m"})[0m
[0m[[0m[0mdebug[0m] [0m[0mjsonRpcNotify: JsonRpcNotificationMessage(2.0, build/logMessage, {"type":3,"message":"\u001b[32mHello accumulator\u001b[0m"})[0m
[0m[[0m[0mdebug[0m] [0m[0mjsonRpcNotify: JsonRpcNotificationMessage(2.0, build/logMessage, {"type":3,"message":"\u001b[32m- should handle clear and enable priority correctly\u001b[0m"})[0m
[0m[[0m[0minfo[0m] [0m[0m[36mRun completed in 919 milliseconds.[0m[0m
[0m[[0m[0minfo[0m] [0m[0m[36mTotal number of tests run: 4[0m[0m
[0m[[0m[0minfo[0m] [0m[0m[36mSuites: completed 1, aborted 0[0m[0m
[0m[[0m[0minfo[0m] [0m[0m[36mTests: succeeded 4, failed 0, canceled 0, ignored 0, pending 0[0m[0m
[0m[[0m[0minfo[0m] [0m[0m[32mAll tests passed.[0m[0m
[0m[[0m[0mdebug[0m] [0m[0mjsonRpcNotify: JsonRpcNotificationMessage(2.0, build/logMessage, {"type":3,"message":"\u001b[36mRun completed in 919 milliseconds.\u001b[0m\n\u001b[36mTotal number of tests run: 4\u001b[0m\n\u001b[36mSuites: completed 1, aborted 0\u001b[0m\n\u001b[36mTests: succeeded 4, failed 0, canceled 0, ignored 0, pending 0\u001b[0m\n\u001b[32mAll tests passed.\u001b[0m"})[0m
[0m[[0m[0mdebug[0m] [0m[0m> Exec(sbtCompleteExec fbf5aef6-d71f-4f7b-9541-c07623747ce1, None, None)[0m
[0m[[0m[0mdebug[0m] [0m[0m> Exec(resumeFromFailure, None, None)[0m
[0m[[0m[0mdebug[0m] [0m[0m> Exec(sbtPopOnFailure, None, None)[0m
[0m[[0m[0mdebug[0m] [0m[0m> Exec(sbtReportResult fbf5aef6-d71f-4f7b-9541-c07623747ce1, Some(fbf5aef6-d71f-4f7b-9541-c07623747ce1), Some(CommandSource(network-2)))[0m
[0m[[0m[0mdebug[0m] [0m[0mjsonRpcNotify: JsonRpcNotificationMessage(2.0, build/logMessage, {"type":4,"message":"Processing sbt/exec"})[0m
[0m[[0m[0mdebug[0m] [0m[0m> Exec(shell, None, None)[0m
[0m[[0m[0mdebug[0m] [0m[0mjsonRpcNotify: JsonRpcNotificationMessage(2.0, sbt/exec, {"status":"Queued","channelName":"network-2","execId":"985c4f54-25da-4abe-930e-f63d1b8db981","commandQueue":[],"message":"waiting for: shell"})[0m
[0m[[0m[0mdebug[0m] [0m[0mjsonRpcNotify: JsonRpcNotificationMessage(2.0, shutdown, [false,null])[0m
[0m[[0m[0mdebug[0m] [0m[0mjsonRpcNotify: JsonRpcNotificationMessage(2.0, shutdown, [true,null])[0m
