2026.09.08 08:37:18 INFO  Started: Metals version 1.6.8 in folders '/Users/numanbashir/Documents/DTU/Kandidat/3.Semester/02201 Agile Hardware Design' for client Visual Studio Code 1.135.0.
2026.09.08 08:37:18 INFO  Memory monitor started
2026.09.08 08:37:19 WARN  Using H2 2.4.240 which is newer than the version Flyway has been verified with. The latest verified version of H2 is 2.3.232.
2026.09.08 08:37:24 INFO  Shutting down server
2026.09.08 08:37:24 INFO  Memory monitor stopped
2026.09.08 08:37:24 INFO  shutting down Metals
2026.09.08 08:37:24 INFO  Exiting server
2026.09.08 08:37:28 INFO  Started: Metals version 1.6.8 in folders '/Users/numanbashir/Documents/DTU/Kandidat/3.Semester/02201 Agile Hardware Design' for client Visual Studio Code 1.135.0.
2026.09.08 08:37:28 INFO  Memory monitor started
2026.09.08 08:37:28 WARN  Using H2 2.4.240 which is newer than the version Flyway has been verified with. The latest verified version of H2 is 2.3.232.
2026.09.08 08:37:28 INFO  no build target found for /Users/numanbashir/Documents/DTU/Kandidat/3.Semester/02201 Agile Hardware Design/lab2/src/test/Mux2Spec.scala. Using presentation compiler with project's scala-library version: 3.3.8
2026.09.08 08:37:31 INFO  no build target found for /Users/numanbashir/Documents/DTU/Kandidat/3.Semester/02201 Agile Hardware Design/lab2/src/test/Mux2Spec.scala. Using presentation compiler with project's scala-library version: 3.3.8
Sep 08, 2026 8:37:31 AM org.eclipse.lsp4j.jsonrpc.RemoteEndpoint handleCancellation
WARNING: Unmatched cancel notification for request id 1
2026.09.08 08:37:31 INFO  no build target found for /Users/numanbashir/Documents/DTU/Kandidat/3.Semester/02201 Agile Hardware Design/lab2/src/test/Mux2Spec.scala. Using presentation compiler with project's scala-library version: 3.3.8
2026.09.08 08:37:31 INFO  no build target found for /Users/numanbashir/Documents/DTU/Kandidat/3.Semester/02201 Agile Hardware Design/lab2/src/test/Mux2Spec.scala. Using presentation compiler with project's scala-library version: 3.3.8
2026.09.08 08:37:31 INFO  no build target found for /Users/numanbashir/Documents/DTU/Kandidat/3.Semester/02201 Agile Hardware Design/lab2/src/test/Mux2Spec.scala. Using presentation compiler with project's scala-library version: 3.3.8
Sep 08, 2026 8:37:31 AM org.eclipse.lsp4j.jsonrpc.RemoteEndpoint handleCancellation
WARNING: Unmatched cancel notification for request id 6
2026.09.08 08:37:39 INFO  no build target found for /Users/numanbashir/Documents/DTU/Kandidat/3.Semester/02201 Agile Hardware Design/lab2/src/test/MaxFinderSpec.scala. Using presentation compiler with project's scala-library version: 3.3.8
2026.09.08 08:37:39 INFO  no build target found for /Users/numanbashir/Documents/DTU/Kandidat/3.Semester/02201 Agile Hardware Design/lab2/src/test/Mux2Spec.scala. Using presentation compiler with project's scala-library version: 3.3.8
2026.09.08 08:37:49 INFO  no build target found for /Users/numanbashir/Documents/DTU/Kandidat/3.Semester/02201 Agile Hardware Design/lab2/src/main/Majority.scala. Using presentation compiler with project's scala-library version: 3.3.8
2026.09.08 08:37:49 INFO  no build target found for /Users/numanbashir/Documents/DTU/Kandidat/3.Semester/02201 Agile Hardware Design/lab2/src/main/Majority.scala. Using presentation compiler with project's scala-library version: 3.3.8
2026.09.08 08:37:49 INFO  no build target found for /Users/numanbashir/Documents/DTU/Kandidat/3.Semester/02201 Agile Hardware Design/lab2/src/main/Majority.scala. Using presentation compiler with project's scala-library version: 3.3.8
2026.09.08 08:37:49 INFO  no build target found for /Users/numanbashir/Documents/DTU/Kandidat/3.Semester/02201 Agile Hardware Design/lab2/src/main/Majority.scala. Using presentation compiler with project's scala-library version: 3.3.8
2026.09.08 08:39:45 WARN  no build target for: /Users/numanbashir/Documents/DTU/Kandidat/3.Semester/02201 Agile Hardware Design/lab2/src/main/Majority.scala
2026.09.08 08:39:45 INFO  no build target found for /Users/numanbashir/Documents/DTU/Kandidat/3.Semester/02201 Agile Hardware Design/lab2/src/main/Majority.scala. Using presentation compiler with project's scala-library version: 3.3.8
2026.09.08 08:40:28 INFO  no build target found for /Users/numanbashir/Documents/DTU/Kandidat/3.Semester/02201 Agile Hardware Design/lab2/src/test/Mux2Spec.scala. Using presentation compiler with project's scala-library version: 3.3.8
2026.09.08 08:41:13 INFO  no build target found for /Users/numanbashir/Documents/DTU/Kandidat/3.Semester/02201 Agile Hardware Design/lab2/src/main/Majority.scala. Using presentation compiler with project's scala-library version: 3.3.8
2026.09.08 08:41:36 INFO  no build target found for /Users/numanbashir/Documents/DTU/Kandidat/3.Semester/02201 Agile Hardware Design/lab2/src/main/Majority.scala. Using presentation compiler with project's scala-library version: 3.3.8
2026.09.08 08:41:49 INFO  no build target found for /Users/numanbashir/Documents/DTU/Kandidat/3.Semester/02201 Agile Hardware Design/lab2/src/main/Majority.scala. Using presentation compiler with project's scala-library version: 3.3.8
2026.09.08 08:53:54 INFO  no build target found for /Users/numanbashir/Documents/DTU/Kandidat/3.Semester/02201 Agile Hardware Design/chisel-lab/lab2/src/main/scala/Majority.scala. Using presentation compiler with project's scala-library version: 3.3.8
2026.09.08 08:53:54 INFO  no build target found for /Users/numanbashir/Documents/DTU/Kandidat/3.Semester/02201 Agile Hardware Design/chisel-lab/lab2/src/main/scala/Majority.scala. Using presentation compiler with project's scala-library version: 3.3.8
Sep 08, 2026 8:53:54 AM org.eclipse.lsp4j.jsonrpc.RemoteEndpoint handleCancellation
WARNING: Unmatched cancel notification for request id 26
2026.09.08 08:53:54 INFO  no build target found for /Users/numanbashir/Documents/DTU/Kandidat/3.Semester/02201 Agile Hardware Design/chisel-lab/lab2/src/main/scala/Majority.scala. Using presentation compiler with project's scala-library version: 3.3.8
2026.09.08 08:53:54 INFO  no build target found for /Users/numanbashir/Documents/DTU/Kandidat/3.Semester/02201 Agile Hardware Design/chisel-lab/lab2/src/main/scala/Majority.scala. Using presentation compiler with project's scala-library version: 3.3.8
2026.09.08 08:53:56 INFO  no build target found for /Users/numanbashir/Documents/DTU/Kandidat/3.Semester/02201 Agile Hardware Design/chisel-lab/lab2/src/main/scala/Majority.scala. Using presentation compiler with project's scala-library version: 3.3.8
2026.09.08 08:53:56 INFO  no build target found for /Users/numanbashir/Documents/DTU/Kandidat/3.Semester/02201 Agile Hardware Design/chisel-lab/lab2/src/main/scala/Majority.scala. Using presentation compiler with project's scala-library version: 3.3.8
2026.09.08 08:54:25 INFO  no build target found for /Users/numanbashir/Documents/DTU/Kandidat/3.Semester/02201 Agile Hardware Design/chisel-lab/lab2/src/main/scala/Majority.scala. Using presentation compiler with project's scala-library version: 3.3.8
2026.09.08 08:54:25 INFO  no build target found for /Users/numanbashir/Documents/DTU/Kandidat/3.Semester/02201 Agile Hardware Design/chisel-lab/lab2/src/main/scala/Majority.scala. Using presentation compiler with project's scala-library version: 3.3.8
2026.09.08 08:54:28 INFO  no build target found for /Users/numanbashir/Documents/DTU/Kandidat/3.Semester/02201 Agile Hardware Design/chisel-lab/lab2/src/main/scala/Majority.scala. Using presentation compiler with project's scala-library version: 3.3.8
2026.09.08 08:54:30 INFO  no build target found for /Users/numanbashir/Documents/DTU/Kandidat/3.Semester/02201 Agile Hardware Design/chisel-lab/lab2/src/main/scala/Majority.scala. Using presentation compiler with project's scala-library version: 3.3.8
2026.09.08 08:55:00 INFO  no build target found for /Users/numanbashir/Documents/DTU/Kandidat/3.Semester/02201 Agile Hardware Design/chisel-lab/lab2/src/main/scala/Majority.scala. Using presentation compiler with project's scala-library version: 3.3.8
2026.09.08 08:55:00 INFO  no build target found for /Users/numanbashir/Documents/DTU/Kandidat/3.Semester/02201 Agile Hardware Design/chisel-lab/lab2/src/main/scala/Majority.scala. Using presentation compiler with project's scala-library version: 3.3.8
2026.09.08 08:55:00 INFO  no build target found for /Users/numanbashir/Documents/DTU/Kandidat/3.Semester/02201 Agile Hardware Design/chisel-lab/lab2/src/main/scala/Majority.scala. Using presentation compiler with project's scala-library version: 3.3.8
2026.09.08 08:55:01 INFO  no build target found for /Users/numanbashir/Documents/DTU/Kandidat/3.Semester/02201 Agile Hardware Design/chisel-lab/lab2/src/main/scala/Majority.scala. Using presentation compiler with project's scala-library version: 3.3.8
2026.09.08 08:55:01 INFO  no build target found for /Users/numanbashir/Documents/DTU/Kandidat/3.Semester/02201 Agile Hardware Design/chisel-lab/lab2/src/main/scala/Majority.scala. Using presentation compiler with project's scala-library version: 3.3.8
2026.09.08 08:55:01 INFO  no build target found for /Users/numanbashir/Documents/DTU/Kandidat/3.Semester/02201 Agile Hardware Design/chisel-lab/lab2/src/main/scala/Majority.scala. Using presentation compiler with project's scala-library version: 3.3.8
2026.09.08 08:55:01 INFO  no build target found for /Users/numanbashir/Documents/DTU/Kandidat/3.Semester/02201 Agile Hardware Design/chisel-lab/lab2/src/main/scala/Majority.scala. Using presentation compiler with project's scala-library version: 3.3.8
2026.09.08 08:55:01 INFO  no build target found for /Users/numanbashir/Documents/DTU/Kandidat/3.Semester/02201 Agile Hardware Design/chisel-lab/lab2/src/main/scala/Majority.scala. Using presentation compiler with project's scala-library version: 3.3.8
2026.09.08 08:55:01 INFO  no build target found for /Users/numanbashir/Documents/DTU/Kandidat/3.Semester/02201 Agile Hardware Design/chisel-lab/lab2/src/main/scala/Majority.scala. Using presentation compiler with project's scala-library version: 3.3.8
2026.09.08 08:55:02 INFO  no build target found for /Users/numanbashir/Documents/DTU/Kandidat/3.Semester/02201 Agile Hardware Design/chisel-lab/lab2/src/main/scala/Majority.scala. Using presentation compiler with project's scala-library version: 3.3.8
2026.09.08 08:55:04 INFO  no build target found for /Users/numanbashir/Documents/DTU/Kandidat/3.Semester/02201 Agile Hardware Design/chisel-lab/lab2/src/main/scala/Majority.scala. Using presentation compiler with project's scala-library version: 3.3.8
2026.09.08 08:55:04 INFO  no build target found for /Users/numanbashir/Documents/DTU/Kandidat/3.Semester/02201 Agile Hardware Design/chisel-lab/lab2/src/main/scala/Majority.scala. Using presentation compiler with project's scala-library version: 3.3.8
2026.09.08 08:55:04 INFO  no build target found for /Users/numanbashir/Documents/DTU/Kandidat/3.Semester/02201 Agile Hardware Design/chisel-lab/lab2/src/main/scala/Majority.scala. Using presentation compiler with project's scala-library version: 3.3.8
2026.09.08 08:55:04 INFO  no build target found for /Users/numanbashir/Documents/DTU/Kandidat/3.Semester/02201 Agile Hardware Design/chisel-lab/lab2/src/main/scala/Majority.scala. Using presentation compiler with project's scala-library version: 3.3.8
2026.09.08 08:55:04 INFO  no build target found for /Users/numanbashir/Documents/DTU/Kandidat/3.Semester/02201 Agile Hardware Design/chisel-lab/lab2/src/main/scala/Majority.scala. Using presentation compiler with project's scala-library version: 3.3.8
2026.09.08 08:55:05 INFO  no build target found for /Users/numanbashir/Documents/DTU/Kandidat/3.Semester/02201 Agile Hardware Design/chisel-lab/lab2/src/main/scala/Majority.scala. Using presentation compiler with project's scala-library version: 3.3.8
2026.09.08 08:55:05 INFO  no build target found for /Users/numanbashir/Documents/DTU/Kandidat/3.Semester/02201 Agile Hardware Design/chisel-lab/lab2/src/main/scala/Majority.scala. Using presentation compiler with project's scala-library version: 3.3.8
2026.09.08 08:55:05 INFO  no build target found for /Users/numanbashir/Documents/DTU/Kandidat/3.Semester/02201 Agile Hardware Design/chisel-lab/lab2/src/main/scala/Majority.scala. Using presentation compiler with project's scala-library version: 3.3.8
2026.09.08 08:55:05 INFO  no build target found for /Users/numanbashir/Documents/DTU/Kandidat/3.Semester/02201 Agile Hardware Design/chisel-lab/lab2/src/main/scala/Majority.scala. Using presentation compiler with project's scala-library version: 3.3.8
2026.09.08 08:55:07 INFO  no build target found for /Users/numanbashir/Documents/DTU/Kandidat/3.Semester/02201 Agile Hardware Design/chisel-lab/lab2/src/main/scala/Majority.scala. Using presentation compiler with project's scala-library version: 3.3.8
2026.09.08 08:55:07 INFO  no build target found for /Users/numanbashir/Documents/DTU/Kandidat/3.Semester/02201 Agile Hardware Design/chisel-lab/lab2/src/main/scala/Majority.scala. Using presentation compiler with project's scala-library version: 3.3.8
2026.09.08 08:55:07 INFO  no build target found for /Users/numanbashir/Documents/DTU/Kandidat/3.Semester/02201 Agile Hardware Design/chisel-lab/lab2/src/main/scala/Majority.scala. Using presentation compiler with project's scala-library version: 3.3.8
Sep 08, 2026 8:55:07 AM org.eclipse.lsp4j.jsonrpc.RemoteEndpoint handleCancellation
WARNING: Unmatched cancel notification for request id 90
2026.09.08 08:55:07 INFO  no build target found for /Users/numanbashir/Documents/DTU/Kandidat/3.Semester/02201 Agile Hardware Design/chisel-lab/lab2/src/main/scala/Majority.scala. Using presentation compiler with project's scala-library version: 3.3.8
2026.09.08 08:55:07 INFO  no build target found for /Users/numanbashir/Documents/DTU/Kandidat/3.Semester/02201 Agile Hardware Design/chisel-lab/lab2/src/main/scala/Majority.scala. Using presentation compiler with project's scala-library version: 3.3.8
2026.09.08 08:55:07 INFO  no build target found for /Users/numanbashir/Documents/DTU/Kandidat/3.Semester/02201 Agile Hardware Design/chisel-lab/lab2/src/main/scala/Majority.scala. Using presentation compiler with project's scala-library version: 3.3.8
2026.09.08 08:55:07 INFO  no build target found for /Users/numanbashir/Documents/DTU/Kandidat/3.Semester/02201 Agile Hardware Design/chisel-lab/lab2/src/main/scala/Majority.scala. Using presentation compiler with project's scala-library version: 3.3.8
2026.09.08 08:55:08 INFO  no build target found for /Users/numanbashir/Documents/DTU/Kandidat/3.Semester/02201 Agile Hardware Design/chisel-lab/lab2/src/main/scala/Majority.scala. Using presentation compiler with project's scala-library version: 3.3.8
2026.09.08 08:55:08 INFO  no build target found for /Users/numanbashir/Documents/DTU/Kandidat/3.Semester/02201 Agile Hardware Design/chisel-lab/lab2/src/main/scala/Majority.scala. Using presentation compiler with project's scala-library version: 3.3.8
2026.09.08 08:55:08 INFO  no build target found for /Users/numanbashir/Documents/DTU/Kandidat/3.Semester/02201 Agile Hardware Design/chisel-lab/lab2/src/main/scala/Majority.scala. Using presentation compiler with project's scala-library version: 3.3.8
2026.09.08 08:55:08 INFO  no build target found for /Users/numanbashir/Documents/DTU/Kandidat/3.Semester/02201 Agile Hardware Design/chisel-lab/lab2/src/main/scala/Majority.scala. Using presentation compiler with project's scala-library version: 3.3.8
2026.09.08 08:55:08 INFO  no build target found for /Users/numanbashir/Documents/DTU/Kandidat/3.Semester/02201 Agile Hardware Design/chisel-lab/lab2/src/main/scala/Majority.scala. Using presentation compiler with project's scala-library version: 3.3.8
2026.09.08 08:55:08 INFO  no build target found for /Users/numanbashir/Documents/DTU/Kandidat/3.Semester/02201 Agile Hardware Design/chisel-lab/lab2/src/main/scala/Majority.scala. Using presentation compiler with project's scala-library version: 3.3.8
2026.09.08 08:55:09 INFO  no build target found for /Users/numanbashir/Documents/DTU/Kandidat/3.Semester/02201 Agile Hardware Design/chisel-lab/lab2/src/main/scala/Majority.scala. Using presentation compiler with project's scala-library version: 3.3.8
2026.09.08 08:55:09 INFO  no build target found for /Users/numanbashir/Documents/DTU/Kandidat/3.Semester/02201 Agile Hardware Design/chisel-lab/lab2/src/main/scala/Majority.scala. Using presentation compiler with project's scala-library version: 3.3.8
2026.09.08 08:55:09 INFO  no build target found for /Users/numanbashir/Documents/DTU/Kandidat/3.Semester/02201 Agile Hardware Design/chisel-lab/lab2/src/main/scala/Majority.scala. Using presentation compiler with project's scala-library version: 3.3.8
2026.09.08 08:55:09 INFO  no build target found for /Users/numanbashir/Documents/DTU/Kandidat/3.Semester/02201 Agile Hardware Design/chisel-lab/lab2/src/main/scala/Majority.scala. Using presentation compiler with project's scala-library version: 3.3.8
2026.09.08 08:55:10 INFO  no build target found for /Users/numanbashir/Documents/DTU/Kandidat/3.Semester/02201 Agile Hardware Design/chisel-lab/lab2/src/main/scala/Majority.scala. Using presentation compiler with project's scala-library version: 3.3.8
2026.09.08 08:55:11 INFO  no build target found for /Users/numanbashir/Documents/DTU/Kandidat/3.Semester/02201 Agile Hardware Design/chisel-lab/lab2/src/main/scala/Majority.scala. Using presentation compiler with project's scala-library version: 3.3.8
2026.09.08 08:55:11 INFO  no build target found for /Users/numanbashir/Documents/DTU/Kandidat/3.Semester/02201 Agile Hardware Design/chisel-lab/lab2/src/main/scala/Majority.scala. Using presentation compiler with project's scala-library version: 3.3.8
2026.09.08 08:55:12 WARN  no build target for: /Users/numanbashir/Documents/DTU/Kandidat/3.Semester/02201 Agile Hardware Design/chisel-lab/lab2/src/main/scala/Majority.scala
2026.09.08 08:55:12 INFO  no build target found for /Users/numanbashir/Documents/DTU/Kandidat/3.Semester/02201 Agile Hardware Design/chisel-lab/lab2/src/main/scala/Majority.scala. Using presentation compiler with project's scala-library version: 3.3.8
2026.09.08 08:55:12 INFO  no build target found for /Users/numanbashir/Documents/DTU/Kandidat/3.Semester/02201 Agile Hardware Design/chisel-lab/lab2/src/main/scala/Majority.scala. Using presentation compiler with project's scala-library version: 3.3.8
2026.09.08 08:55:46 INFO  no build target found for /Users/numanbashir/Documents/DTU/Kandidat/3.Semester/02201 Agile Hardware Design/chisel-lab/lab2/src/main/scala/Majority.scala. Using presentation compiler with project's scala-library version: 3.3.8
2026.09.08 08:55:51 INFO  no build target found for /Users/numanbashir/Documents/DTU/Kandidat/3.Semester/02201 Agile Hardware Design/chisel-lab/lab2/src/test/scala/MajoritySpec.scala. Using presentation compiler with project's scala-library version: 3.3.8
2026.09.08 08:55:53 INFO  no build target found for /Users/numanbashir/Documents/DTU/Kandidat/3.Semester/02201 Agile Hardware Design/chisel-lab/lab2/src/test/scala/MajoritySpec.scala. Using presentation compiler with project's scala-library version: 3.3.8
2026.09.08 08:55:53 INFO  no build target found for /Users/numanbashir/Documents/DTU/Kandidat/3.Semester/02201 Agile Hardware Design/chisel-lab/lab2/src/test/scala/MajoritySpec.scala. Using presentation compiler with project's scala-library version: 3.3.8
2026.09.08 08:55:53 INFO  no build target found for /Users/numanbashir/Documents/DTU/Kandidat/3.Semester/02201 Agile Hardware Design/chisel-lab/lab2/src/test/scala/MajoritySpec.scala. Using presentation compiler with project's scala-library version: 3.3.8
2026.09.08 08:55:54 INFO  no build target found for /Users/numanbashir/Documents/DTU/Kandidat/3.Semester/02201 Agile Hardware Design/chisel-lab/lab2/src/test/scala/MajoritySpec.scala. Using presentation compiler with project's scala-library version: 3.3.8
2026.09.08 08:55:57 INFO  no build target found for /Users/numanbashir/Documents/DTU/Kandidat/3.Semester/02201 Agile Hardware Design/chisel-lab/lab2/src/main/scala/Majority.scala. Using presentation compiler with project's scala-library version: 3.3.8
2026.09.08 08:55:57 WARN  no build target for: /Users/numanbashir/Documents/DTU/Kandidat/3.Semester/02201 Agile Hardware Design/chisel-lab/lab2/src/main/scala/Majority.scala
2026.09.08 08:55:57 INFO  no build target found for /Users/numanbashir/Documents/DTU/Kandidat/3.Semester/02201 Agile Hardware Design/chisel-lab/lab2/src/main/scala/Majority.scala. Using presentation compiler with project's scala-library version: 3.3.8
2026.09.08 08:55:57 INFO  no build target found for /Users/numanbashir/Documents/DTU/Kandidat/3.Semester/02201 Agile Hardware Design/chisel-lab/lab2/src/main/scala/Majority.scala. Using presentation compiler with project's scala-library version: 3.3.8
2026.09.08 08:55:57 INFO  no build target found for /Users/numanbashir/Documents/DTU/Kandidat/3.Semester/02201 Agile Hardware Design/chisel-lab/lab2/src/main/scala/Majority.scala. Using presentation compiler with project's scala-library version: 3.3.8
2026.09.08 08:55:57 INFO  no build target found for /Users/numanbashir/Documents/DTU/Kandidat/3.Semester/02201 Agile Hardware Design/chisel-lab/lab2/src/main/scala/Majority.scala. Using presentation compiler with project's scala-library version: 3.3.8
2026.09.08 08:55:59 INFO  no build target found for /Users/numanbashir/Documents/DTU/Kandidat/3.Semester/02201 Agile Hardware Design/chisel-lab/lab2/src/main/scala/Majority.scala. Using presentation compiler with project's scala-library version: 3.3.8
2026.09.08 08:55:59 INFO  no build target found for /Users/numanbashir/Documents/DTU/Kandidat/3.Semester/02201 Agile Hardware Design/chisel-lab/lab2/src/main/scala/Majority.scala. Using presentation compiler with project's scala-library version: 3.3.8
2026.09.08 08:56:00 INFO  no build target found for /Users/numanbashir/Documents/DTU/Kandidat/3.Semester/02201 Agile Hardware Design/chisel-lab/lab2/src/main/scala/Majority.scala. Using presentation compiler with project's scala-library version: 3.3.8
2026.09.08 08:56:38 INFO  no build target found for /Users/numanbashir/Documents/DTU/Kandidat/3.Semester/02201 Agile Hardware Design/chisel-lab/lab2/src/main/scala/Majority.scala. Using presentation compiler with project's scala-library version: 3.3.8
2026.09.08 08:56:38 INFO  no build target found for /Users/numanbashir/Documents/DTU/Kandidat/3.Semester/02201 Agile Hardware Design/chisel-lab/lab2/src/main/scala/Majority.scala. Using presentation compiler with project's scala-library version: 3.3.8
2026.09.08 08:56:38 WARN  no build target for: /Users/numanbashir/Documents/DTU/Kandidat/3.Semester/02201 Agile Hardware Design/chisel-lab/lab2/src/main/scala/Majority.scala
2026.09.08 08:56:38 INFO  no build target found for /Users/numanbashir/Documents/DTU/Kandidat/3.Semester/02201 Agile Hardware Design/chisel-lab/lab2/src/main/scala/Majority.scala. Using presentation compiler with project's scala-library version: 3.3.8
2026.09.08 08:56:38 INFO  no build target found for /Users/numanbashir/Documents/DTU/Kandidat/3.Semester/02201 Agile Hardware Design/chisel-lab/lab2/src/main/scala/Majority.scala. Using presentation compiler with project's scala-library version: 3.3.8
2026.09.08 08:56:38 INFO  no build target found for /Users/numanbashir/Documents/DTU/Kandidat/3.Semester/02201 Agile Hardware Design/chisel-lab/lab2/src/main/scala/Majority.scala. Using presentation compiler with project's scala-library version: 3.3.8
2026.09.08 08:56:38 INFO  no build target found for /Users/numanbashir/Documents/DTU/Kandidat/3.Semester/02201 Agile Hardware Design/chisel-lab/lab2/src/main/scala/Majority.scala. Using presentation compiler with project's scala-library version: 3.3.8
2026.09.08 08:56:40 INFO  no build target found for /Users/numanbashir/Documents/DTU/Kandidat/3.Semester/02201 Agile Hardware Design/chisel-lab/lab2/src/main/scala/Mux2.scala. Using presentation compiler with project's scala-library version: 3.3.8
2026.09.08 08:56:40 INFO  no build target found for /Users/numanbashir/Documents/DTU/Kandidat/3.Semester/02201 Agile Hardware Design/chisel-lab/lab2/src/main/scala/Mux2.scala. Using presentation compiler with project's scala-library version: 3.3.8
2026.09.08 08:56:40 INFO  no build target found for /Users/numanbashir/Documents/DTU/Kandidat/3.Semester/02201 Agile Hardware Design/chisel-lab/lab2/src/main/scala/Mux2.scala. Using presentation compiler with project's scala-library version: 3.3.8
2026.09.08 08:56:40 INFO  no build target found for /Users/numanbashir/Documents/DTU/Kandidat/3.Semester/02201 Agile Hardware Design/chisel-lab/lab2/src/main/scala/Mux2.scala. Using presentation compiler with project's scala-library version: 3.3.8
2026.09.08 08:56:42 INFO  no build target found for /Users/numanbashir/Documents/DTU/Kandidat/3.Semester/02201 Agile Hardware Design/chisel-lab/lab2/src/test/scala/Mux2Spec.scala. Using presentation compiler with project's scala-library version: 3.3.8
2026.09.08 08:56:42 INFO  no build target found for /Users/numanbashir/Documents/DTU/Kandidat/3.Semester/02201 Agile Hardware Design/chisel-lab/lab2/src/test/scala/Mux2Spec.scala. Using presentation compiler with project's scala-library version: 3.3.8
2026.09.08 08:56:42 INFO  no build target found for /Users/numanbashir/Documents/DTU/Kandidat/3.Semester/02201 Agile Hardware Design/chisel-lab/lab2/src/test/scala/Mux2Spec.scala. Using presentation compiler with project's scala-library version: 3.3.8
2026.09.08 08:56:42 INFO  no build target found for /Users/numanbashir/Documents/DTU/Kandidat/3.Semester/02201 Agile Hardware Design/chisel-lab/lab2/src/test/scala/Mux2Spec.scala. Using presentation compiler with project's scala-library version: 3.3.8
2026.09.08 08:56:44 INFO  no build target found for /Users/numanbashir/Documents/DTU/Kandidat/3.Semester/02201 Agile Hardware Design/chisel-lab/lab2/src/main/scala/Mux2.scala. Using presentation compiler with project's scala-library version: 3.3.8
2026.09.08 08:56:44 WARN  no build target for: /Users/numanbashir/Documents/DTU/Kandidat/3.Semester/02201 Agile Hardware Design/chisel-lab/lab2/src/main/scala/Mux2.scala
2026.09.08 08:56:44 INFO  no build target found for /Users/numanbashir/Documents/DTU/Kandidat/3.Semester/02201 Agile Hardware Design/chisel-lab/lab2/src/main/scala/Mux2.scala. Using presentation compiler with project's scala-library version: 3.3.8
2026.09.08 08:56:44 INFO  no build target found for /Users/numanbashir/Documents/DTU/Kandidat/3.Semester/02201 Agile Hardware Design/chisel-lab/lab2/src/main/scala/Mux2.scala. Using presentation compiler with project's scala-library version: 3.3.8
2026.09.08 08:56:44 INFO  no build target found for /Users/numanbashir/Documents/DTU/Kandidat/3.Semester/02201 Agile Hardware Design/chisel-lab/lab2/src/main/scala/Mux2.scala. Using presentation compiler with project's scala-library version: 3.3.8
2026.09.08 08:57:08 INFO  no build target found for /Users/numanbashir/Documents/DTU/Kandidat/3.Semester/02201 Agile Hardware Design/chisel-lab/lab2/src/main/scala/Mux2.scala. Using presentation compiler with project's scala-library version: 3.3.8
2026.09.08 08:57:08 INFO  no build target found for /Users/numanbashir/Documents/DTU/Kandidat/3.Semester/02201 Agile Hardware Design/chisel-lab/lab2/src/main/scala/Mux2.scala. Using presentation compiler with project's scala-library version: 3.3.8
2026.09.08 08:57:08 INFO  no build target found for /Users/numanbashir/Documents/DTU/Kandidat/3.Semester/02201 Agile Hardware Design/chisel-lab/lab2/src/main/scala/Mux2.scala. Using presentation compiler with project's scala-library version: 3.3.8
2026.09.08 08:57:08 INFO  no build target found for /Users/numanbashir/Documents/DTU/Kandidat/3.Semester/02201 Agile Hardware Design/chisel-lab/lab2/src/main/scala/Mux2.scala. Using presentation compiler with project's scala-library version: 3.3.8
2026.09.08 08:57:36 INFO  no build target found for /Users/numanbashir/Documents/DTU/Kandidat/3.Semester/02201 Agile Hardware Design/chisel-lab/lab2/src/main/scala/Decoder.scala. Using presentation compiler with project's scala-library version: 3.3.8
2026.09.08 08:57:36 INFO  no build target found for /Users/numanbashir/Documents/DTU/Kandidat/3.Semester/02201 Agile Hardware Design/chisel-lab/lab2/src/main/scala/Decoder.scala. Using presentation compiler with project's scala-library version: 3.3.8
2026.09.08 08:57:36 INFO  no build target found for /Users/numanbashir/Documents/DTU/Kandidat/3.Semester/02201 Agile Hardware Design/chisel-lab/lab2/src/main/scala/Decoder.scala. Using presentation compiler with project's scala-library version: 3.3.8
2026.09.08 08:57:36 INFO  no build target found for /Users/numanbashir/Documents/DTU/Kandidat/3.Semester/02201 Agile Hardware Design/chisel-lab/lab2/src/main/scala/Decoder.scala. Using presentation compiler with project's scala-library version: 3.3.8
2026.09.08 08:57:36 INFO  no build target found for /Users/numanbashir/Documents/DTU/Kandidat/3.Semester/02201 Agile Hardware Design/chisel-lab/lab2/src/main/scala/Decoder.scala. Using presentation compiler with project's scala-library version: 3.3.8
2026.09.08 08:57:38 INFO  no build target found for /Users/numanbashir/Documents/DTU/Kandidat/3.Semester/02201 Agile Hardware Design/chisel-lab/lab2/src/main/scala/Decoder.scala. Using presentation compiler with project's scala-library version: 3.3.8
2026.09.08 08:57:47 INFO  no build target found for /Users/numanbashir/Documents/DTU/Kandidat/3.Semester/02201 Agile Hardware Design/chisel-lab/lab2/src/main/scala/AddSub.scala. Using presentation compiler with project's scala-library version: 3.3.8
2026.09.08 08:57:47 INFO  no build target found for /Users/numanbashir/Documents/DTU/Kandidat/3.Semester/02201 Agile Hardware Design/chisel-lab/lab2/src/main/scala/AddSub.scala. Using presentation compiler with project's scala-library version: 3.3.8
2026.09.08 08:57:47 INFO  no build target found for /Users/numanbashir/Documents/DTU/Kandidat/3.Semester/02201 Agile Hardware Design/chisel-lab/lab2/src/main/scala/AddSub.scala. Using presentation compiler with project's scala-library version: 3.3.8
2026.09.08 08:57:47 INFO  no build target found for /Users/numanbashir/Documents/DTU/Kandidat/3.Semester/02201 Agile Hardware Design/chisel-lab/lab2/src/main/scala/AddSub.scala. Using presentation compiler with project's scala-library version: 3.3.8
2026.09.08 08:57:48 INFO  no build target found for /Users/numanbashir/Documents/DTU/Kandidat/3.Semester/02201 Agile Hardware Design/chisel-lab/lab2/src/main/scala/AddSub.scala. Using presentation compiler with project's scala-library version: 3.3.8
2026.09.08 08:58:08 INFO  no build target found for /Users/numanbashir/Documents/DTU/Kandidat/3.Semester/02201 Agile Hardware Design/chisel-lab/lab2/src/main/scala/MaxFinder.scala. Using presentation compiler with project's scala-library version: 3.3.8
2026.09.08 08:58:08 INFO  no build target found for /Users/numanbashir/Documents/DTU/Kandidat/3.Semester/02201 Agile Hardware Design/chisel-lab/lab2/src/main/scala/MaxFinder.scala. Using presentation compiler with project's scala-library version: 3.3.8
2026.09.08 08:58:08 INFO  no build target found for /Users/numanbashir/Documents/DTU/Kandidat/3.Semester/02201 Agile Hardware Design/chisel-lab/lab2/src/main/scala/MaxFinder.scala. Using presentation compiler with project's scala-library version: 3.3.8
2026.09.08 08:58:08 INFO  no build target found for /Users/numanbashir/Documents/DTU/Kandidat/3.Semester/02201 Agile Hardware Design/chisel-lab/lab2/src/main/scala/MaxFinder.scala. Using presentation compiler with project's scala-library version: 3.3.8
2026.09.08 08:58:29 INFO  no build target found for /Users/numanbashir/Documents/DTU/Kandidat/3.Semester/02201 Agile Hardware Design/chisel-lab/lab2/src/main/scala/Mux2.scala. Using presentation compiler with project's scala-library version: 3.3.8
2026.09.08 08:58:29 WARN  no build target for: /Users/numanbashir/Documents/DTU/Kandidat/3.Semester/02201 Agile Hardware Design/chisel-lab/lab2/src/main/scala/Mux2.scala
Sep 08, 2026 8:58:29 AM org.eclipse.lsp4j.jsonrpc.RemoteEndpoint handleCancellation
WARNING: Unmatched cancel notification for request id 225
2026.09.08 08:58:29 INFO  no build target found for /Users/numanbashir/Documents/DTU/Kandidat/3.Semester/02201 Agile Hardware Design/chisel-lab/lab2/src/main/scala/Mux2.scala. Using presentation compiler with project's scala-library version: 3.3.8
2026.09.08 08:58:29 INFO  no build target found for /Users/numanbashir/Documents/DTU/Kandidat/3.Semester/02201 Agile Hardware Design/chisel-lab/lab2/src/main/scala/Mux2.scala. Using presentation compiler with project's scala-library version: 3.3.8
2026.09.08 08:58:29 INFO  no build target found for /Users/numanbashir/Documents/DTU/Kandidat/3.Semester/02201 Agile Hardware Design/chisel-lab/lab2/src/main/scala/Mux2.scala. Using presentation compiler with project's scala-library version: 3.3.8
2026.09.08 08:58:30 INFO  no build target found for /Users/numanbashir/Documents/DTU/Kandidat/3.Semester/02201 Agile Hardware Design/chisel-lab/lab2/src/main/scala/Mux2.scala. Using presentation compiler with project's scala-library version: 3.3.8
2026.09.08 08:58:30 INFO  no build target found for /Users/numanbashir/Documents/DTU/Kandidat/3.Semester/02201 Agile Hardware Design/chisel-lab/lab2/src/main/scala/Mux2.scala. Using presentation compiler with project's scala-library version: 3.3.8
2026.09.08 08:58:30 INFO  no build target found for /Users/numanbashir/Documents/DTU/Kandidat/3.Semester/02201 Agile Hardware Design/chisel-lab/lab2/src/main/scala/Mux2.scala. Using presentation compiler with project's scala-library version: 3.3.8
2026.09.08 08:58:30 INFO  no build target found for /Users/numanbashir/Documents/DTU/Kandidat/3.Semester/02201 Agile Hardware Design/chisel-lab/lab2/src/main/scala/Mux2.scala. Using presentation compiler with project's scala-library version: 3.3.8
2026.09.08 08:58:30 INFO  no build target found for /Users/numanbashir/Documents/DTU/Kandidat/3.Semester/02201 Agile Hardware Design/chisel-lab/lab2/src/main/scala/Mux2.scala. Using presentation compiler with project's scala-library version: 3.3.8
2026.09.08 08:58:32 INFO  no build target found for /Users/numanbashir/Documents/DTU/Kandidat/3.Semester/02201 Agile Hardware Design/chisel-lab/lab2/src/main/scala/Mux2.scala. Using presentation compiler with project's scala-library version: 3.3.8
2026.09.08 08:58:32 INFO  no build target found for /Users/numanbashir/Documents/DTU/Kandidat/3.Semester/02201 Agile Hardware Design/chisel-lab/lab2/src/main/scala/Mux2.scala. Using presentation compiler with project's scala-library version: 3.3.8
2026.09.08 08:58:32 INFO  no build target found for /Users/numanbashir/Documents/DTU/Kandidat/3.Semester/02201 Agile Hardware Design/chisel-lab/lab2/src/main/scala/Mux2.scala. Using presentation compiler with project's scala-library version: 3.3.8
2026.09.08 08:58:32 INFO  no build target found for /Users/numanbashir/Documents/DTU/Kandidat/3.Semester/02201 Agile Hardware Design/chisel-lab/lab2/src/main/scala/Mux2.scala. Using presentation compiler with project's scala-library version: 3.3.8
2026.09.08 08:58:33 WARN  no build target for: /Users/numanbashir/Documents/DTU/Kandidat/3.Semester/02201 Agile Hardware Design/chisel-lab/lab2/src/main/scala/Mux2.scala
2026.09.08 08:58:32 INFO  no build target found for /Users/numanbashir/Documents/DTU/Kandidat/3.Semester/02201 Agile Hardware Design/chisel-lab/lab2/src/main/scala/Mux2.scala. Using presentation compiler with project's scala-library version: 3.3.8
2026.09.08 08:58:33 INFO  no build target found for /Users/numanbashir/Documents/DTU/Kandidat/3.Semester/02201 Agile Hardware Design/chisel-lab/lab2/src/main/scala/Mux2.scala. Using presentation compiler with project's scala-library version: 3.3.8
2026.09.08 08:58:41 INFO  no build target found for /Users/numanbashir/Documents/DTU/Kandidat/3.Semester/02201 Agile Hardware Design/chisel-lab/lab2/src/main/scala/Decoder.scala. Using presentation compiler with project's scala-library version: 3.3.8
2026.09.08 08:58:41 WARN  no build target for: /Users/numanbashir/Documents/DTU/Kandidat/3.Semester/02201 Agile Hardware Design/chisel-lab/lab2/src/main/scala/Decoder.scala
2026.09.08 08:58:41 INFO  no build target found for /Users/numanbashir/Documents/DTU/Kandidat/3.Semester/02201 Agile Hardware Design/chisel-lab/lab2/src/main/scala/Decoder.scala. Using presentation compiler with project's scala-library version: 3.3.8
2026.09.08 08:58:41 INFO  no build target found for /Users/numanbashir/Documents/DTU/Kandidat/3.Semester/02201 Agile Hardware Design/chisel-lab/lab2/src/main/scala/Decoder.scala. Using presentation compiler with project's scala-library version: 3.3.8
2026.09.08 08:58:41 INFO  no build target found for /Users/numanbashir/Documents/DTU/Kandidat/3.Semester/02201 Agile Hardware Design/chisel-lab/lab2/src/main/scala/Decoder.scala. Using presentation compiler with project's scala-library version: 3.3.8
2026.09.08 08:58:41 INFO  no build target found for /Users/numanbashir/Documents/DTU/Kandidat/3.Semester/02201 Agile Hardware Design/chisel-lab/lab2/src/main/scala/Decoder.scala. Using presentation compiler with project's scala-library version: 3.3.8
2026.09.08 08:58:41 INFO  no build target found for /Users/numanbashir/Documents/DTU/Kandidat/3.Semester/02201 Agile Hardware Design/chisel-lab/lab2/src/main/scala/Decoder.scala. Using presentation compiler with project's scala-library version: 3.3.8
2026.09.08 08:58:51 INFO  no build target found for /Users/numanbashir/Documents/DTU/Kandidat/3.Semester/02201 Agile Hardware Design/chisel-lab/lab2/src/test/scala/MajoritySpec.scala. Using presentation compiler with project's scala-library version: 3.3.8
2026.09.08 08:59:02 INFO  no build target found for /Users/numanbashir/Documents/DTU/Kandidat/3.Semester/02201 Agile Hardware Design/chisel-lab/lab2/src/main/scala/Mux2.scala. Using presentation compiler with project's scala-library version: 3.3.8
2026.09.08 08:59:02 WARN  no build target for: /Users/numanbashir/Documents/DTU/Kandidat/3.Semester/02201 Agile Hardware Design/chisel-lab/lab2/src/main/scala/Mux2.scala
Sep 08, 2026 8:59:02 AM org.eclipse.lsp4j.jsonrpc.RemoteEndpoint handleCancellation
WARNING: Unmatched cancel notification for request id 258
2026.09.08 08:59:02 INFO  no build target found for /Users/numanbashir/Documents/DTU/Kandidat/3.Semester/02201 Agile Hardware Design/chisel-lab/lab2/src/main/scala/Mux2.scala. Using presentation compiler with project's scala-library version: 3.3.8
2026.09.08 08:59:02 INFO  no build target found for /Users/numanbashir/Documents/DTU/Kandidat/3.Semester/02201 Agile Hardware Design/chisel-lab/lab2/src/main/scala/Mux2.scala. Using presentation compiler with project's scala-library version: 3.3.8
2026.09.08 08:59:02 INFO  no build target found for /Users/numanbashir/Documents/DTU/Kandidat/3.Semester/02201 Agile Hardware Design/chisel-lab/lab2/src/main/scala/Mux2.scala. Using presentation compiler with project's scala-library version: 3.3.8
2026.09.08 08:59:18 INFO  no build target found for /Users/numanbashir/Documents/DTU/Kandidat/3.Semester/02201 Agile Hardware Design/chisel-lab/lab2/src/main/scala/Decoder.scala. Using presentation compiler with project's scala-library version: 3.3.8
2026.09.08 08:59:18 WARN  no build target for: /Users/numanbashir/Documents/DTU/Kandidat/3.Semester/02201 Agile Hardware Design/chisel-lab/lab2/src/main/scala/Decoder.scala
2026.09.08 08:59:18 INFO  no build target found for /Users/numanbashir/Documents/DTU/Kandidat/3.Semester/02201 Agile Hardware Design/chisel-lab/lab2/src/main/scala/Decoder.scala. Using presentation compiler with project's scala-library version: 3.3.8
2026.09.08 08:59:18 INFO  no build target found for /Users/numanbashir/Documents/DTU/Kandidat/3.Semester/02201 Agile Hardware Design/chisel-lab/lab2/src/main/scala/Decoder.scala. Using presentation compiler with project's scala-library version: 3.3.8
2026.09.08 08:59:18 INFO  no build target found for /Users/numanbashir/Documents/DTU/Kandidat/3.Semester/02201 Agile Hardware Design/chisel-lab/lab2/src/main/scala/Decoder.scala. Using presentation compiler with project's scala-library version: 3.3.8
2026.09.08 08:59:20 INFO  no build target found for /Users/numanbashir/Documents/DTU/Kandidat/3.Semester/02201 Agile Hardware Design/chisel-lab/lab2/src/main/scala/Decoder.scala. Using presentation compiler with project's scala-library version: 3.3.8
2026.09.08 08:59:20 INFO  no build target found for /Users/numanbashir/Documents/DTU/Kandidat/3.Semester/02201 Agile Hardware Design/chisel-lab/lab2/src/main/scala/Decoder.scala. Using presentation compiler with project's scala-library version: 3.3.8
2026.09.08 08:59:20 INFO  no build target found for /Users/numanbashir/Documents/DTU/Kandidat/3.Semester/02201 Agile Hardware Design/chisel-lab/lab2/src/main/scala/Decoder.scala. Using presentation compiler with project's scala-library version: 3.3.8
2026.09.08 08:59:20 INFO  no build target found for /Users/numanbashir/Documents/DTU/Kandidat/3.Semester/02201 Agile Hardware Design/chisel-lab/lab2/src/main/scala/Decoder.scala. Using presentation compiler with project's scala-library version: 3.3.8
2026.09.08 08:59:20 INFO  no build target found for /Users/numanbashir/Documents/DTU/Kandidat/3.Semester/02201 Agile Hardware Design/chisel-lab/lab2/src/main/scala/Decoder.scala. Using presentation compiler with project's scala-library version: 3.3.8
2026.09.08 08:59:21 INFO  no build target found for /Users/numanbashir/Documents/DTU/Kandidat/3.Semester/02201 Agile Hardware Design/chisel-lab/lab2/src/main/scala/Decoder.scala. Using presentation compiler with project's scala-library version: 3.3.8
2026.09.08 08:59:23 WARN  no build target for: /Users/numanbashir/Documents/DTU/Kandidat/3.Semester/02201 Agile Hardware Design/chisel-lab/lab2/src/main/scala/Decoder.scala
2026.09.08 08:59:23 INFO  no build target found for /Users/numanbashir/Documents/DTU/Kandidat/3.Semester/02201 Agile Hardware Design/chisel-lab/lab2/src/main/scala/Decoder.scala. Using presentation compiler with project's scala-library version: 3.3.8
2026.09.08 08:59:23 INFO  no build target found for /Users/numanbashir/Documents/DTU/Kandidat/3.Semester/02201 Agile Hardware Design/chisel-lab/lab2/src/main/scala/Decoder.scala. Using presentation compiler with project's scala-library version: 3.3.8
2026.09.08 08:59:35 INFO  no build target found for /Users/numanbashir/Documents/DTU/Kandidat/3.Semester/02201 Agile Hardware Design/chisel-lab/lab2/src/main/scala/AddSub.scala. Using presentation compiler with project's scala-library version: 3.3.8
2026.09.08 08:59:35 WARN  no build target for: /Users/numanbashir/Documents/DTU/Kandidat/3.Semester/02201 Agile Hardware Design/chisel-lab/lab2/src/main/scala/AddSub.scala
2026.09.08 08:59:35 INFO  no build target found for /Users/numanbashir/Documents/DTU/Kandidat/3.Semester/02201 Agile Hardware Design/chisel-lab/lab2/src/main/scala/AddSub.scala. Using presentation compiler with project's scala-library version: 3.3.8
2026.09.08 08:59:35 INFO  no build target found for /Users/numanbashir/Documents/DTU/Kandidat/3.Semester/02201 Agile Hardware Design/chisel-lab/lab2/src/main/scala/AddSub.scala. Using presentation compiler with project's scala-library version: 3.3.8
2026.09.08 08:59:35 INFO  no build target found for /Users/numanbashir/Documents/DTU/Kandidat/3.Semester/02201 Agile Hardware Design/chisel-lab/lab2/src/main/scala/AddSub.scala. Using presentation compiler with project's scala-library version: 3.3.8
2026.09.08 08:59:35 INFO  no build target found for /Users/numanbashir/Documents/DTU/Kandidat/3.Semester/02201 Agile Hardware Design/chisel-lab/lab2/src/main/scala/AddSub.scala. Using presentation compiler with project's scala-library version: 3.3.8
2026.09.08 08:59:35 INFO  no build target found for /Users/numanbashir/Documents/DTU/Kandidat/3.Semester/02201 Agile Hardware Design/chisel-lab/lab2/src/main/scala/AddSub.scala. Using presentation compiler with project's scala-library version: 3.3.8
2026.09.08 08:59:35 INFO  no build target found for /Users/numanbashir/Documents/DTU/Kandidat/3.Semester/02201 Agile Hardware Design/chisel-lab/lab2/src/main/scala/AddSub.scala. Using presentation compiler with project's scala-library version: 3.3.8
2026.09.08 08:59:41 INFO  no build target found for /Users/numanbashir/Documents/DTU/Kandidat/3.Semester/02201 Agile Hardware Design/chisel-lab/lab2/src/main/scala/AddSub.scala. Using presentation compiler with project's scala-library version: 3.3.8
2026.09.08 08:59:41 INFO  no build target found for /Users/numanbashir/Documents/DTU/Kandidat/3.Semester/02201 Agile Hardware Design/chisel-lab/lab2/src/main/scala/AddSub.scala. Using presentation compiler with project's scala-library version: 3.3.8
2026.09.08 08:59:41 INFO  no build target found for /Users/numanbashir/Documents/DTU/Kandidat/3.Semester/02201 Agile Hardware Design/chisel-lab/lab2/src/main/scala/AddSub.scala. Using presentation compiler with project's scala-library version: 3.3.8
2026.09.08 08:59:44 INFO  no build target found for /Users/numanbashir/Documents/DTU/Kandidat/3.Semester/02201 Agile Hardware Design/chisel-lab/lab2/src/main/scala/AddSub.scala. Using presentation compiler with project's scala-library version: 3.3.8
2026.09.08 08:59:54 INFO  no build target found for /Users/numanbashir/Documents/DTU/Kandidat/3.Semester/02201 Agile Hardware Design/chisel-lab/lab2/src/main/scala/AddSub.scala. Using presentation compiler with project's scala-library version: 3.3.8
2026.09.08 08:59:54 INFO  no build target found for /Users/numanbashir/Documents/DTU/Kandidat/3.Semester/02201 Agile Hardware Design/chisel-lab/lab2/src/main/scala/AddSub.scala. Using presentation compiler with project's scala-library version: 3.3.8
2026.09.08 08:59:54 INFO  no build target found for /Users/numanbashir/Documents/DTU/Kandidat/3.Semester/02201 Agile Hardware Design/chisel-lab/lab2/src/main/scala/AddSub.scala. Using presentation compiler with project's scala-library version: 3.3.8
2026.09.08 08:59:54 INFO  no build target found for /Users/numanbashir/Documents/DTU/Kandidat/3.Semester/02201 Agile Hardware Design/chisel-lab/lab2/src/main/scala/AddSub.scala. Using presentation compiler with project's scala-library version: 3.3.8
2026.09.08 08:59:55 INFO  no build target found for /Users/numanbashir/Documents/DTU/Kandidat/3.Semester/02201 Agile Hardware Design/chisel-lab/lab2/src/main/scala/AddSub.scala. Using presentation compiler with project's scala-library version: 3.3.8
2026.09.08 08:59:56 INFO  no build target found for /Users/numanbashir/Documents/DTU/Kandidat/3.Semester/02201 Agile Hardware Design/chisel-lab/lab2/src/main/scala/AddSub.scala. Using presentation compiler with project's scala-library version: 3.3.8
2026.09.08 08:59:56 WARN  no build target for: /Users/numanbashir/Documents/DTU/Kandidat/3.Semester/02201 Agile Hardware Design/chisel-lab/lab2/src/main/scala/AddSub.scala
2026.09.08 08:59:56 INFO  no build target found for /Users/numanbashir/Documents/DTU/Kandidat/3.Semester/02201 Agile Hardware Design/chisel-lab/lab2/src/main/scala/AddSub.scala. Using presentation compiler with project's scala-library version: 3.3.8
2026.09.08 08:59:56 INFO  no build target found for /Users/numanbashir/Documents/DTU/Kandidat/3.Semester/02201 Agile Hardware Design/chisel-lab/lab2/src/main/scala/AddSub.scala. Using presentation compiler with project's scala-library version: 3.3.8
2026.09.08 08:59:56 INFO  no build target found for /Users/numanbashir/Documents/DTU/Kandidat/3.Semester/02201 Agile Hardware Design/chisel-lab/lab2/src/main/scala/AddSub.scala. Using presentation compiler with project's scala-library version: 3.3.8
2026.09.08 09:00:05 INFO  no build target found for /Users/numanbashir/Documents/DTU/Kandidat/3.Semester/02201 Agile Hardware Design/chisel-lab/lab2/src/main/scala/MaxFinder.scala. Using presentation compiler with project's scala-library version: 3.3.8
2026.09.08 09:00:05 WARN  no build target for: /Users/numanbashir/Documents/DTU/Kandidat/3.Semester/02201 Agile Hardware Design/chisel-lab/lab2/src/main/scala/MaxFinder.scala
2026.09.08 09:00:05 INFO  no build target found for /Users/numanbashir/Documents/DTU/Kandidat/3.Semester/02201 Agile Hardware Design/chisel-lab/lab2/src/main/scala/MaxFinder.scala. Using presentation compiler with project's scala-library version: 3.3.8
2026.09.08 09:00:05 INFO  no build target found for /Users/numanbashir/Documents/DTU/Kandidat/3.Semester/02201 Agile Hardware Design/chisel-lab/lab2/src/main/scala/MaxFinder.scala. Using presentation compiler with project's scala-library version: 3.3.8
2026.09.08 09:00:05 INFO  no build target found for /Users/numanbashir/Documents/DTU/Kandidat/3.Semester/02201 Agile Hardware Design/chisel-lab/lab2/src/main/scala/MaxFinder.scala. Using presentation compiler with project's scala-library version: 3.3.8
2026.09.08 09:00:05 INFO  no build target found for /Users/numanbashir/Documents/DTU/Kandidat/3.Semester/02201 Agile Hardware Design/chisel-lab/lab2/src/main/scala/MaxFinder.scala. Using presentation compiler with project's scala-library version: 3.3.8
2026.09.08 09:00:05 INFO  no build target found for /Users/numanbashir/Documents/DTU/Kandidat/3.Semester/02201 Agile Hardware Design/chisel-lab/lab2/src/main/scala/MaxFinder.scala. Using presentation compiler with project's scala-library version: 3.3.8
2026.09.08 09:00:05 INFO  no build target found for /Users/numanbashir/Documents/DTU/Kandidat/3.Semester/02201 Agile Hardware Design/chisel-lab/lab2/src/main/scala/MaxFinder.scala. Using presentation compiler with project's scala-library version: 3.3.8
2026.09.08 09:00:32 INFO  no build target found for /Users/numanbashir/Documents/DTU/Kandidat/3.Semester/02201 Agile Hardware Design/chisel-lab/lab2/src/main/scala/MaxFinder.scala. Using presentation compiler with project's scala-library version: 3.3.8
2026.09.08 09:00:32 INFO  no build target found for /Users/numanbashir/Documents/DTU/Kandidat/3.Semester/02201 Agile Hardware Design/chisel-lab/lab2/src/main/scala/MaxFinder.scala. Using presentation compiler with project's scala-library version: 3.3.8
2026.09.08 09:00:32 INFO  no build target found for /Users/numanbashir/Documents/DTU/Kandidat/3.Semester/02201 Agile Hardware Design/chisel-lab/lab2/src/main/scala/MaxFinder.scala. Using presentation compiler with project's scala-library version: 3.3.8
2026.09.08 09:00:32 INFO  no build target found for /Users/numanbashir/Documents/DTU/Kandidat/3.Semester/02201 Agile Hardware Design/chisel-lab/lab2/src/main/scala/MaxFinder.scala. Using presentation compiler with project's scala-library version: 3.3.8
2026.09.08 09:00:32 INFO  no build target found for /Users/numanbashir/Documents/DTU/Kandidat/3.Semester/02201 Agile Hardware Design/chisel-lab/lab2/src/main/scala/MaxFinder.scala. Using presentation compiler with project's scala-library version: 3.3.8
2026.09.08 09:00:33 INFO  no build target found for /Users/numanbashir/Documents/DTU/Kandidat/3.Semester/02201 Agile Hardware Design/chisel-lab/lab2/src/main/scala/MaxFinder.scala. Using presentation compiler with project's scala-library version: 3.3.8
2026.09.08 09:00:33 INFO  no build target found for /Users/numanbashir/Documents/DTU/Kandidat/3.Semester/02201 Agile Hardware Design/chisel-lab/lab2/src/main/scala/MaxFinder.scala. Using presentation compiler with project's scala-library version: 3.3.8
2026.09.08 09:00:34 INFO  no build target found for /Users/numanbashir/Documents/DTU/Kandidat/3.Semester/02201 Agile Hardware Design/chisel-lab/lab2/src/main/scala/MaxFinder.scala. Using presentation compiler with project's scala-library version: 3.3.8
2026.09.08 09:00:33 INFO  no build target found for /Users/numanbashir/Documents/DTU/Kandidat/3.Semester/02201 Agile Hardware Design/chisel-lab/lab2/src/main/scala/MaxFinder.scala. Using presentation compiler with project's scala-library version: 3.3.8
2026.09.08 09:00:33 INFO  no build target found for /Users/numanbashir/Documents/DTU/Kandidat/3.Semester/02201 Agile Hardware Design/chisel-lab/lab2/src/main/scala/MaxFinder.scala. Using presentation compiler with project's scala-library version: 3.3.8
2026.09.08 09:00:34 INFO  no build target found for /Users/numanbashir/Documents/DTU/Kandidat/3.Semester/02201 Agile Hardware Design/chisel-lab/lab2/src/main/scala/MaxFinder.scala. Using presentation compiler with project's scala-library version: 3.3.8
2026.09.08 09:00:34 INFO  no build target found for /Users/numanbashir/Documents/DTU/Kandidat/3.Semester/02201 Agile Hardware Design/chisel-lab/lab2/src/main/scala/MaxFinder.scala. Using presentation compiler with project's scala-library version: 3.3.8
2026.09.08 09:00:34 INFO  no build target found for /Users/numanbashir/Documents/DTU/Kandidat/3.Semester/02201 Agile Hardware Design/chisel-lab/lab2/src/main/scala/MaxFinder.scala. Using presentation compiler with project's scala-library version: 3.3.8
2026.09.08 09:00:34 INFO  no build target found for /Users/numanbashir/Documents/DTU/Kandidat/3.Semester/02201 Agile Hardware Design/chisel-lab/lab2/src/main/scala/MaxFinder.scala. Using presentation compiler with project's scala-library version: 3.3.8
2026.09.08 09:00:35 INFO  no build target found for /Users/numanbashir/Documents/DTU/Kandidat/3.Semester/02201 Agile Hardware Design/chisel-lab/lab2/src/main/scala/MaxFinder.scala. Using presentation compiler with project's scala-library version: 3.3.8
2026.09.08 09:00:34 INFO  no build target found for /Users/numanbashir/Documents/DTU/Kandidat/3.Semester/02201 Agile Hardware Design/chisel-lab/lab2/src/main/scala/MaxFinder.scala. Using presentation compiler with project's scala-library version: 3.3.8
2026.09.08 09:00:34 INFO  no build target found for /Users/numanbashir/Documents/DTU/Kandidat/3.Semester/02201 Agile Hardware Design/chisel-lab/lab2/src/main/scala/MaxFinder.scala. Using presentation compiler with project's scala-library version: 3.3.8
2026.09.08 09:00:35 INFO  no build target found for /Users/numanbashir/Documents/DTU/Kandidat/3.Semester/02201 Agile Hardware Design/chisel-lab/lab2/src/main/scala/MaxFinder.scala. Using presentation compiler with project's scala-library version: 3.3.8
2026.09.08 09:00:35 INFO  no build target found for /Users/numanbashir/Documents/DTU/Kandidat/3.Semester/02201 Agile Hardware Design/chisel-lab/lab2/src/main/scala/MaxFinder.scala. Using presentation compiler with project's scala-library version: 3.3.8
2026.09.08 09:00:36 WARN  no build target for: /Users/numanbashir/Documents/DTU/Kandidat/3.Semester/02201 Agile Hardware Design/chisel-lab/lab2/src/main/scala/MaxFinder.scala
2026.09.08 09:00:36 INFO  no build target found for /Users/numanbashir/Documents/DTU/Kandidat/3.Semester/02201 Agile Hardware Design/chisel-lab/lab2/src/main/scala/MaxFinder.scala. Using presentation compiler with project's scala-library version: 3.3.8
2026.09.08 09:00:35 INFO  no build target found for /Users/numanbashir/Documents/DTU/Kandidat/3.Semester/02201 Agile Hardware Design/chisel-lab/lab2/src/main/scala/MaxFinder.scala. Using presentation compiler with project's scala-library version: 3.3.8
2026.09.08 09:00:37 INFO  no build target found for /Users/numanbashir/Documents/DTU/Kandidat/3.Semester/02201 Agile Hardware Design/chisel-lab/lab2/src/main/scala/MaxFinder.scala. Using presentation compiler with project's scala-library version: 3.3.8
2026.09.08 09:00:37 INFO  no build target found for /Users/numanbashir/Documents/DTU/Kandidat/3.Semester/02201 Agile Hardware Design/chisel-lab/lab2/src/main/scala/MaxFinder.scala. Using presentation compiler with project's scala-library version: 3.3.8
2026.09.08 09:00:37 INFO  no build target found for /Users/numanbashir/Documents/DTU/Kandidat/3.Semester/02201 Agile Hardware Design/chisel-lab/lab2/src/main/scala/MaxFinder.scala. Using presentation compiler with project's scala-library version: 3.3.8
2026.09.08 09:00:37 INFO  no build target found for /Users/numanbashir/Documents/DTU/Kandidat/3.Semester/02201 Agile Hardware Design/chisel-lab/lab2/src/main/scala/MaxFinder.scala. Using presentation compiler with project's scala-library version: 3.3.8
2026.09.08 09:00:38 INFO  no build target found for /Users/numanbashir/Documents/DTU/Kandidat/3.Semester/02201 Agile Hardware Design/chisel-lab/lab2/src/main/scala/MaxFinder.scala. Using presentation compiler with project's scala-library version: 3.3.8
2026.09.08 09:00:39 INFO  no build target found for /Users/numanbashir/Documents/DTU/Kandidat/3.Semester/02201 Agile Hardware Design/chisel-lab/lab2/src/main/scala/MaxFinder.scala. Using presentation compiler with project's scala-library version: 3.3.8
2026.09.08 09:00:39 WARN  no build target for: /Users/numanbashir/Documents/DTU/Kandidat/3.Semester/02201 Agile Hardware Design/chisel-lab/lab2/src/main/scala/MaxFinder.scala
2026.09.08 09:00:39 INFO  no build target found for /Users/numanbashir/Documents/DTU/Kandidat/3.Semester/02201 Agile Hardware Design/chisel-lab/lab2/src/main/scala/MaxFinder.scala. Using presentation compiler with project's scala-library version: 3.3.8
